I'm sorry, but errors were detected in your script. Please correct the
errors listed below, and try again.


File "game/WS_defines/card_dictionary.rpy", line 8: invalid syntax
    $ renpy.say(card_effect_dict[1])
     ^
    

Ren'Py Version: Ren'Py 8.0.0.22062402
Thu Jul 28 20:45:07 2022
